1763227926230	geckodriver	INFO	Listening on 127.0.0.1:45721
1763227926246	mozrunner::runner	INFO	Running command: MOZ_CRASHREPORTER="1" MOZ_CRASHREPORTER_NO_REPORT="1" MOZ_CRASHREPORTER_SHUTDOWN="1" "/usr/local/bin/firefox ... ss" "--remote-debugging-port" "54537" "--remote-allow-hosts" "localhost" "-no-remote" "-profile" "/tmp/rust_mozprofileVFBFNH"
[6561] Sandbox: CanCreateUserNamespace() clone() failure: EPERM
*** You are running in headless mode.
console.warn: services.settings: Ignoring preference override of remote settings server
console.warn: services.settings: Allow by setting MOZ_REMOTE_SETTINGS_DEVTOOLS=1 in the environment
[GFX1-]: glxtest: libpci missing
[GFX1-]: glxtest: Unable to open a connection to the X server
[GFX1-]: No GPUs detected via PCI

1763227926445	Marionette	INFO	Marionette enabled
1763227926519	Marionette	INFO	Listening on port 41333
WebDriver BiDi listening on ws://127.0.0.1:54537
Read port: 41333
1763227926617	RemoteAgent	WARN	TLS certificate errors will be ignored for this session
[GFX1-]: RenderCompositorSWGL failed mapping default framebuffer, no dt
console.warn: RSLoader: Recipe new-tab-145020250919173227-to-beta not returned from collection nimbus-secure-experiments because it contains feature newtabTrainhopAddon, which is disallowed for that collection.
console.warn: RSLoader: Recipe new-tab-145020250919173227-to-release-143 not returned from collection nimbus-secure-experiments because it contains feature newtabTrainhopAddon, which is disallowed for that collection.
console.warn: RSLoader: Recipe new-tab-145120251009134757-to-release not returned from collection nimbus-secure-experiments because it contains feature newtabTrainhopAddon, which is disallowed for that collection.
console.warn: LoginRecipes: "Falling back to a synchronous message for: https://www.selenium.dev."
console.warn: LoginRecipes: "Falling back to a synchronous message for: https://www.selenium.dev."
JavaScript error: resource:///modules/backup/BackupService.sys.mjs, line 108: NS_ERROR_FAILURE: Component returned failure code: 0x80004005 (NS_ERROR_FAILURE) [nsIProperties.get]
