1763592219046	geckodriver	INFO	Listening on 127.0.0.1:45619
1763592219061	mozrunner::runner	INFO	Running command: MOZ_CRASHREPORTER="1" MOZ_CRASHREPORTER_NO_REPORT="1" MOZ_CRASHREPORTER_SHUTDOWN="1" "/usr/local/bin/firefox ... ss" "--remote-debugging-port" "48689" "--remote-allow-hosts" "localhost" "-no-remote" "-profile" "/tmp/rust_mozprofileGc2kOx"
[7378] Sandbox: CanCreateUserNamespace() clone() failure: EPERM
*** You are running in headless mode.
console.warn: services.settings: Ignoring preference override of remote settings server
console.warn: services.settings: Allow by setting MOZ_REMOTE_SETTINGS_DEVTOOLS=1 in the environment
[GFX1-]: glxtest: libpci missing
[GFX1-]: glxtest: Unable to open a connection to the X server
[GFX1-]: No GPUs detected via PCI

1763592219264	Marionette	INFO	Marionette enabled
1763592219339	Marionette	INFO	Listening on port 42695
WebDriver BiDi listening on ws://127.0.0.1:48689
Read port: 42695
1763592219427	RemoteAgent	WARN	TLS certificate errors will be ignored for this session
[GFX1-]: RenderCompositorSWGL failed mapping default framebuffer, no dt
console.warn: RSLoader: Recipe new-tab-145020250919173227-to-beta not returned from collection nimbus-secure-experiments because it contains feature newtabTrainhopAddon, which is disallowed for that collection.
console.warn: RSLoader: Recipe new-tab-145020250919173227-to-release-143 not returned from collection nimbus-secure-experiments because it contains feature newtabTrainhopAddon, which is disallowed for that collection.
console.warn: RSLoader: Recipe new-tab-145120251009134757-to-release not returned from collection nimbus-secure-experiments because it contains feature newtabTrainhopAddon, which is disallowed for that collection.
console.warn: LoginRecipes: "Falling back to a synchronous message for: https://www.selenium.dev."
console.warn: LoginRecipes: "Falling back to a synchronous message for: https://www.selenium.dev."
1763592221836	Marionette	INFO	Stopped listening on port 42695
console.error: "Failed to fetch https://ads.mozilla.org/v1/delete_user:" "NetworkError when attempting to fetch resource."
console.warn: TopSitesFeed: Failed to fetch data from MARS server: NetworkError when attempting to fetch resource.
