1756189340468	geckodriver	INFO	Listening on 127.0.0.1:33097
1756189340484	mozrunner::runner	INFO	Running command: MOZ_CRASHREPORTER="1" MOZ_CRASHREPORTER_NO_REPORT="1" MOZ_CRASHREPORTER_SHUTDOWN="1" "/usr/local/bin/firefox ... ss" "--remote-debugging-port" "58767" "--remote-allow-hosts" "localhost" "-no-remote" "-profile" "/tmp/rust_mozprofileAOl6SN"
[3964] Sandbox: CanCreateUserNamespace() clone() failure: EPERM
*** You are running in headless mode.
console.warn: services.settings: Ignoring preference override of remote settings server
console.warn: services.settings: Allow by setting MOZ_REMOTE_SETTINGS_DEVTOOLS=1 in the environment
[GFX1-]: glxtest: libpci missing
[GFX1-]: glxtest: Unable to open a connection to the X server
[GFX1-]: No GPUs detected via PCI

1756189340674	Marionette	INFO	Marionette enabled
1756189340748	Marionette	INFO	Listening on port 36105
WebDriver BiDi listening on ws://127.0.0.1:58767
Read port: 36105
1756189340849	RemoteAgent	WARN	TLS certificate errors will be ignored for this session
[GFX1-]: RenderCompositorSWGL failed mapping default framebuffer, no dt
console.error: CustomizableUI: 
  Could not localize property 'fxms-bmb-button.tooltiptext'.
console.warn: RSLoader: Recipe new-tab-train-hop-pilot-to-release-start-and-wait-for-escape-hatch-signal not returned from collection nimbus-secure-experiments because it contains feature newtabTrainhopAddon, which is disallowed for that collection.
console.warn: LoginRecipes: "Falling back to a synchronous message for: https://www.selenium.dev."
console.warn: LoginRecipes: "Falling back to a synchronous message for: https://www.selenium.dev."
1756189343249	Marionette	INFO	Stopped listening on port 36105
console.error: "Failed to fetch https://ads.mozilla.org/v1/delete_user:" "NetworkError when attempting to fetch resource."
console.warn: TopSitesFeed: Failed to fetch data from MARS server: NetworkError when attempting to fetch resource.
